// Jest Snapshot v1, https://goo.gl/fbAQLP

exports[`Pruebas en el Home View debe de renderizar el componente correctamente 1`] = `
<div class="home"><img alt="Vue logo" src="">
  <h1 class="text-3xl font-bold underline"> Hello world! </h1><button class="btn btn-primary">Primary</button>
</div>
`;
